// Jest Snapshot v1, https://goo.gl/fbAQLP

exports[`Renders correctly renders the home component snapshot 1`] = `
<DocumentFragment>
  <div
    class="home-header-container"
  >
    <p
      class="home-header"
    >
      The Worldâ€™s Continent
    </p>
  </div>
  <div
    class="search-head"
  >
    <input
      class="search"
      placeholder="Search country here ...."
      type="text"
    />
  </div>
  <div
    class="wrap"
  >
    <div
      class="continent"
    >
      <div
        class="cont-head"
      >
        <div>
          Africa
        </div>
        <button
          class="arrow-right"
          type="button"
        >
          <a
            href="/continent/Africa"
          >
            <svg
              color="#ececec"
              fill="currentColor"
              height="1.5rem"
              stroke="currentColor"
              stroke-width="0"
              style="color: rgb(236, 236, 236);"
              viewBox="0 0 16 16"
              width="1.5rem"
              xmlns="http://www.w3.org/2000/svg"
            >
              <path
                d="M1 8a7 7 0 1 0 14 0A7 7 0 0 0 1 8zm15 0A8 8 0 1 1 0 8a8 8 0 0 1 16 0zM4.5 7.5a.5.5 0 0 0 0 1h5.793l-2.147 2.146a.5.5 0 0 0 .708.708l3-3a.5.5 0 0 0 0-.708l-3-3a.5.5 0 1 0-.708.708L10.293 7.5H4.5z"
                fill-rule="evenodd"
              />
            </svg>
          </a>
        </button>
      </div>
      <div
        class="cont-body"
      >
        <p
          class="cont-name"
        >
          Africa
        </p>
        <img
          alt="continent logo"
          src="africa.svg"
          width="200"
        />
      </div>
    </div>
    <div
      class="continent"
    >
      <div
        class="cont-head"
      >
        <div>
          America
        </div>
        <button
          class="arrow-right"
          type="button"
        >
          <a
            href="/continent/America"
          >
            <svg
              color="#ececec"
              fill="currentColor"
              height="1.5rem"
              stroke="currentColor"
              stroke-width="0"
              style="color: rgb(236, 236, 236);"
              viewBox="0 0 16 16"
              width="1.5rem"
              xmlns="http://www.w3.org/2000/svg"
            >
              <path
                d="M1 8a7 7 0 1 0 14 0A7 7 0 0 0 1 8zm15 0A8 8 0 1 1 0 8a8 8 0 0 1 16 0zM4.5 7.5a.5.5 0 0 0 0 1h5.793l-2.147 2.146a.5.5 0 0 0 .708.708l3-3a.5.5 0 0 0 0-.708l-3-3a.5.5 0 1 0-.708.708L10.293 7.5H4.5z"
                fill-rule="evenodd"
              />
            </svg>
          </a>
        </button>
      </div>
      <div
        class="cont-body"
      >
        <p
          class="cont-name"
        >
          America
        </p>
        <img
          alt="continent logo"
          src="america.svg"
          width="200"
        />
      </div>
    </div>
    <div
      class="continent"
    >
      <div
        class="cont-head"
      >
        <div>
          Antarctic
        </div>
        <button
          class="arrow-right"
          type="button"
        >
          <a
            href="/continent/Antarctic"
          >
            <svg
              color="#ececec"
              fill="currentColor"
              height="1.5rem"
              stroke="currentColor"
              stroke-width="0"
              style="color: rgb(236, 236, 236);"
              viewBox="0 0 16 16"
              width="1.5rem"
              xmlns="http://www.w3.org/2000/svg"
            >
              <path
                d="M1 8a7 7 0 1 0 14 0A7 7 0 0 0 1 8zm15 0A8 8 0 1 1 0 8a8 8 0 0 1 16 0zM4.5 7.5a.5.5 0 0 0 0 1h5.793l-2.147 2.146a.5.5 0 0 0 .708.708l3-3a.5.5 0 0 0 0-.708l-3-3a.5.5 0 1 0-.708.708L10.293 7.5H4.5z"
                fill-rule="evenodd"
              />
            </svg>
          </a>
        </button>
      </div>
      <div
        class="cont-body"
      >
        <p
          class="cont-name"
        >
          Antarctic
        </p>
        <img
          alt="continent logo"
          src="antarctica.svg"
          width="200"
        />
      </div>
    </div>
    <div
      class="continent"
    >
      <div
        class="cont-head"
      >
        <div>
          Asia
        </div>
        <button
          class="arrow-right"
          type="button"
        >
          <a
            href="/continent/Asia"
          >
            <svg
              color="#ececec"
              fill="currentColor"
              height="1.5rem"
              stroke="currentColor"
              stroke-width="0"
              style="color: rgb(236, 236, 236);"
              viewBox="0 0 16 16"
              width="1.5rem"
              xmlns="http://www.w3.org/2000/svg"
            >
              <path
                d="M1 8a7 7 0 1 0 14 0A7 7 0 0 0 1 8zm15 0A8 8 0 1 1 0 8a8 8 0 0 1 16 0zM4.5 7.5a.5.5 0 0 0 0 1h5.793l-2.147 2.146a.5.5 0 0 0 .708.708l3-3a.5.5 0 0 0 0-.708l-3-3a.5.5 0 1 0-.708.708L10.293 7.5H4.5z"
                fill-rule="evenodd"
              />
            </svg>
          </a>
        </button>
      </div>
      <div
        class="cont-body"
      >
        <p
          class="cont-name"
        >
          Asia
        </p>
        <img
          alt="continent logo"
          src="asia.svg"
          width="200"
        />
      </div>
    </div>
    <div
      class="continent"
    >
      <div
        class="cont-head"
      >
        <div>
          Europe
        </div>
        <button
          class="arrow-right"
          type="button"
        >
          <a
            href="/continent/Europe"
          >
            <svg
              color="#ececec"
              fill="currentColor"
              height="1.5rem"
              stroke="currentColor"
              stroke-width="0"
              style="color: rgb(236, 236, 236);"
              viewBox="0 0 16 16"
              width="1.5rem"
              xmlns="http://www.w3.org/2000/svg"
            >
              <path
                d="M1 8a7 7 0 1 0 14 0A7 7 0 0 0 1 8zm15 0A8 8 0 1 1 0 8a8 8 0 0 1 16 0zM4.5 7.5a.5.5 0 0 0 0 1h5.793l-2.147 2.146a.5.5 0 0 0 .708.708l3-3a.5.5 0 0 0 0-.708l-3-3a.5.5 0 1 0-.708.708L10.293 7.5H4.5z"
                fill-rule="evenodd"
              />
            </svg>
          </a>
        </button>
      </div>
      <div
        class="cont-body"
      >
        <p
          class="cont-name"
        >
          Europe
        </p>
        <img
          alt="continent logo"
          src="europe.svg"
          width="200"
        />
      </div>
    </div>
    <div
      class="continent"
    >
      <div
        class="cont-head"
      >
        <div>
          Oceania
        </div>
        <button
          class="arrow-right"
          type="button"
        >
          <a
            href="/continent/Oceania"
          >
            <svg
              color="#ececec"
              fill="currentColor"
              height="1.5rem"
              stroke="currentColor"
              stroke-width="0"
              style="color: rgb(236, 236, 236);"
              viewBox="0 0 16 16"
              width="1.5rem"
              xmlns="http://www.w3.org/2000/svg"
            >
              <path
                d="M1 8a7 7 0 1 0 14 0A7 7 0 0 0 1 8zm15 0A8 8 0 1 1 0 8a8 8 0 0 1 16 0zM4.5 7.5a.5.5 0 0 0 0 1h5.793l-2.147 2.146a.5.5 0 0 0 .708.708l3-3a.5.5 0 0 0 0-.708l-3-3a.5.5 0 1 0-.708.708L10.293 7.5H4.5z"
                fill-rule="evenodd"
              />
            </svg>
          </a>
        </button>
      </div>
      <div
        class="cont-body"
      >
        <p
          class="cont-name"
        >
          Oceania
        </p>
        <img
          alt="continent logo"
          src="oceania.svg"
          width="200"
        />
      </div>
    </div>
  </div>
</DocumentFragment>
`;
